84 failed, 84 passed, 30 skipped, 3 warnings in 17.13s
